NilpotentConjugacy.PrimeLocalIntegers: [propext, Classical.choice, Quot.sound]
NilpotentConjugacy.ambient_finite_quotient_character_bound: [propext, Classical.choice, Quot.sound]
NilpotentConjugacy.annihilation_iff_of_bidiagonal_recurrence: [propext, Quot.sound]
NilpotentConjugacy.bidiagonal: [propext, Quot.sound]
NilpotentConjugacy.bidiagonal_initial_zero: [propext, Classical.choice, Quot.sound]
NilpotentConjugacy.bidiagonal_recurrence: [propext, Quot.sound]
NilpotentConjugacy.bidiagonal_recurrence_exact_order: [propext, Classical.choice, Quot.sound]
NilpotentConjugacy.bidiagonal_succ: [propext, Quot.sound]
NilpotentConjugacy.bidiagonal_zero: [propext, Quot.sound]
NilpotentConjugacy.character_coordinate_sum_injective: [propext, Classical.choice, Quot.sound]
NilpotentConjugacy.character_evaluate_coordinate_sum: [propext, Classical.choice, Quot.sound]
NilpotentConjugacy.coefficientCharacter: [propext, Classical.choice, Quot.sound]
NilpotentConjugacy.coefficientCharacter_bidiagonal: [propext, Classical.choice, Quot.sound]
NilpotentConjugacy.coefficientCharacter_single: [propext, Classical.choice, Quot.sound]
NilpotentConjugacy.coordinateVector: []
NilpotentConjugacy.coordinateVector_fin: [propext, Quot.sound]
NilpotentConjugacy.coordinateVector_outside: [propext, Quot.sound]
NilpotentConjugacy.cubic_degree_lower: [propext, Classical.choice, Quot.sound]
NilpotentConjugacy.degrees_exceed_every_quadratic: [propext, Classical.choice, Quot.sound]
NilpotentConjugacy.delta_characters_relation_divisibility: [propext, Classical.choice, Quot.sound]
NilpotentConjugacy.exact_order_of_detecting_bidiagonal_character: [propext, Classical.choice, Quot.sound]
NilpotentConjugacy.exists_detecting_character: [propext, Classical.choice, Quot.sound]
NilpotentConjugacy.finiteDetector: [propext, Classical.choice, Quot.sound]
NilpotentConjugacy.finiteDetector_annihilates: [propext, Classical.choice, Quot.sound]
NilpotentConjugacy.finiteDetector_detects: [propext, Classical.choice, Quot.sound]
NilpotentConjugacy.finiteDetector_separates_image: [propext, Classical.choice, Quot.sound]
NilpotentConjugacy.finite_cardinality_from_obstruction_and_matrix_units: [propext, Classical.choice, Quot.sound]
NilpotentConjugacy.finite_cardinality_of_delta_characters: [propext, Classical.choice, Quot.sound]
NilpotentConjugacy.finite_quotient_character_bound: [propext, Classical.choice, Quot.sound]
NilpotentConjugacy.geometric_adjacent: [propext]
NilpotentConjugacy.geometric_bracket: [propext, Classical.choice, Quot.sound]
NilpotentConjugacy.geometric_polynomial_lower: [propext, Classical.choice, Quot.sound]
NilpotentConjugacy.index_difference_isUnit: [propext, Quot.sound]
NilpotentConjugacy.integerPrimeIdeal: [propext, Quot.sound]
NilpotentConjugacy.integerPrimeIdeal_isPrime: [propext, Classical.choice, Quot.sound]
NilpotentConjugacy.last_mem_bidiagonal_range_iff: [propext, Classical.choice, Quot.sound]
NilpotentConjugacy.latticeCharacter: [propext, Classical.choice, Quot.sound]
NilpotentConjugacy.latticeCharacter_annihilates_bidiagonal: [propext, Classical.choice, Quot.sound]
NilpotentConjugacy.latticeCharacter_bidiagonal: [propext, Classical.choice, Quot.sound]
NilpotentConjugacy.latticeCharacter_single: [propext, Classical.choice, Quot.sound]
NilpotentConjugacy.lowerShift: [propext]
NilpotentConjugacy.matrixUnit_mem_adjoin: [propext, Classical.choice, Quot.sound]
NilpotentConjugacy.matrixUnit_mem_adjoin_of_small_units: [propext, Classical.choice, Quot.sound]
NilpotentConjugacy.matrixUnit_mem_of_gap: [propext, Classical.choice, Quot.sound]
NilpotentConjugacy.matrixUnit_mem_primeLocal_adjoin: [propext, Classical.choice, Quot.sound]
NilpotentConjugacy.matrixUnit_preserves: [propext, Classical.choice, Quot.sound]
NilpotentConjugacy.matrixUnit_preserves_primeLocal: [propext, Classical.choice, Quot.sound]
NilpotentConjugacy.neg_pow_zsmul_eq_zero_iff: [propext]
NilpotentConjugacy.not_mem_bidiagonal_image_of_character: [propext, Classical.choice, Quot.sound]
NilpotentConjugacy.preservingSubalgebra: [propext, Classical.choice, Quot.sound]
NilpotentConjugacy.primeLocal_quotient_cardinality: [propext, Classical.choice, Quot.sound]
NilpotentConjugacy.primePow_smul_chain_eq_zero_iff: [propext]
NilpotentConjugacy.quotientBidiagonal: [propext, Classical.choice, Quot.sound]
NilpotentConjugacy.quotientBidiagonal_coordinate: [propext, Classical.choice, Quot.sound]
NilpotentConjugacy.quotientCoordinate: [propext, Classical.choice, Quot.sound]
NilpotentConjugacy.quotientCoordinate_outside: [propext, Classical.choice, Quot.sound]
NilpotentConjugacy.quotientMatrix: [propext, Classical.choice, Quot.sound]
NilpotentConjugacy.quotientMatrix_mk: [propext, Classical.choice, Quot.sound]
NilpotentConjugacy.quotientMatrix_single_coordinate: [propext, Classical.choice, Quot.sound]
NilpotentConjugacy.rootProduct_band_mem: [propext, Classical.choice, Quot.sound]
NilpotentConjugacy.rootProduct_band_mem_of_card_le: [propext, Classical.choice, Quot.sound]
NilpotentConjugacy.shiftBand: []
NilpotentConjugacy.shiftBand_mul: [propext, Classical.choice, Quot.sound]
NilpotentConjugacy.shiftBand_zero_one: [propext, Quot.sound]
NilpotentConjugacy.shiftJ: []
NilpotentConjugacy.shiftJ_pow: [propext, Classical.choice, Quot.sound]
NilpotentConjugacy.shiftJ_pow_coordinate: [propext, Classical.choice, Quot.sound]
NilpotentConjugacy.shiftJ_pow_mul_shiftY_pow: [propext, Classical.choice, Quot.sound]
NilpotentConjugacy.shiftY: []
NilpotentConjugacy.shiftY_pow: [propext, Classical.choice, Quot.sound]
NilpotentConjugacy.shiftedBidiagonalMatrix: [propext, Classical.choice, Quot.sound]
NilpotentConjugacy.shiftedBidiagonalMatrix_coordinate: [propext, Classical.choice, Quot.sound]
NilpotentConjugacy.shiftedBidiagonalMatrix_preserves: [propext, Classical.choice, Quot.sound]
NilpotentConjugacy.shifted_factor_mul: [propext, Classical.choice, Quot.sound]
NilpotentConjugacy.small_nat_isUnit_primeLocalIntegers: [propext, Classical.choice, Quot.sound]
NilpotentConjugacy.specialized_exponent: [propext, Quot.sound]
NilpotentConjugacy.specialized_parameters: [propext, Classical.choice, Quot.sound]
NilpotentConjugacy.annihilation_iff_of_bidiagonal_recurrence._proof_1_1: [propext, Quot.sound]
NilpotentConjugacy.annihilation_iff_of_bidiagonal_recurrence._proof_1_2: [propext, Quot.sound]
NilpotentConjugacy.bidiagonal._proof_1: [propext, Quot.sound]
NilpotentConjugacy.bidiagonal._proof_2: [propext, Quot.sound]
NilpotentConjugacy.bidiagonal.eq_1: [propext, Quot.sound]
NilpotentConjugacy.bidiagonal_initial_zero._proof_1_1: [propext, Quot.sound]
NilpotentConjugacy.bidiagonal_recurrence._proof_1_1: [propext, Quot.sound]
NilpotentConjugacy.bidiagonal_recurrence._proof_1_2: [propext, Quot.sound]
NilpotentConjugacy.bidiagonal_recurrence_exact_order._proof_1_2: [propext, Quot.sound]
NilpotentConjugacy.bidiagonal_recurrence_exact_order._proof_1_3: [propext, Quot.sound]
NilpotentConjugacy.bidiagonal_recurrence_exact_order._proof_1_4: [propext, Quot.sound]
NilpotentConjugacy.bidiagonal_recurrence_exact_order._simp_1_1: [propext]
NilpotentConjugacy.coefficientCharacter._proof_1: [propext, Classical.choice, Quot.sound]
NilpotentConjugacy.coefficientCharacter._proof_2: [propext, Classical.choice, Quot.sound]
NilpotentConjugacy.coefficientCharacter.eq_1: [propext, Classical.choice, Quot.sound]
NilpotentConjugacy.coordinateVector.eq_1: []
NilpotentConjugacy.coordinateVector_fin._simp_1_2: [propext]
NilpotentConjugacy.coordinateVector_fin._simp_1_3: [propext]
NilpotentConjugacy.coordinateVector_outside._proof_1_2: [propext, Quot.sound]
NilpotentConjugacy.delta_characters_relation_divisibility._simp_1_1: [propext]
NilpotentConjugacy.exact_order_of_detecting_bidiagonal_character._proof_1_3: [propext, Quot.sound]
NilpotentConjugacy.exact_order_of_detecting_bidiagonal_character._simp_1_1: []
NilpotentConjugacy.exact_order_of_detecting_bidiagonal_character._simp_1_2: []
NilpotentConjugacy.finiteDetector.eq_1: [propext, Classical.choice, Quot.sound]
NilpotentConjugacy.finiteDetector_detects._proof_1_2: [propext, Quot.sound]
NilpotentConjugacy.finite_cardinality_from_obstruction_and_matrix_units._simp_1_1: []
NilpotentConjugacy.geometric_bracket._proof_1_1: [propext, Quot.sound]
NilpotentConjugacy.index_difference_isUnit._proof_1_1: [propext, Quot.sound]
NilpotentConjugacy.index_difference_isUnit._proof_1_2: [propext, Quot.sound]
NilpotentConjugacy.index_difference_isUnit._proof_1_3: [propext, Quot.sound]
NilpotentConjugacy.index_difference_isUnit._proof_1_4: [propext, Quot.sound]
NilpotentConjugacy.integerPrimeIdeal.eq_1: [propext, Quot.sound]
NilpotentConjugacy.last_mem_bidiagonal_range_iff._simp_1_2: [propext]
NilpotentConjugacy.latticeCharacter._proof_1: [propext, Classical.choice, Quot.sound]
NilpotentConjugacy.latticeCharacter._proof_2: [propext, Classical.choice, Quot.sound]
NilpotentConjugacy.latticeCharacter.eq_1: [propext, Classical.choice, Quot.sound]
NilpotentConjugacy.latticeCharacter_bidiagonal._abel_1_1: [propext, Classical.choice, Quot.sound]
NilpotentConjugacy.lowerShift.eq_1: [propext]
NilpotentConjugacy.matrixUnit_mem_adjoin._proof_1_1: [propext, Quot.sound]
NilpotentConjugacy.matrixUnit_mem_adjoin._proof_1_2: [propext, Quot.sound]
NilpotentConjugacy.matrixUnit_mem_adjoin._proof_1_3: [propext, Quot.sound]
NilpotentConjugacy.matrixUnit_mem_adjoin_of_small_units._proof_1_1: [propext, Quot.sound]
NilpotentConjugacy.matrixUnit_mem_of_gap._proof_1: [propext, Quot.sound]
NilpotentConjugacy.matrixUnit_mem_of_gap._proof_1_1: [propext, Quot.sound]
NilpotentConjugacy.matrixUnit_mem_of_gap._proof_1_2: [propext, Classical.choice, Quot.sound]
NilpotentConjugacy.matrixUnit_mem_of_gap._proof_1_4: [propext, Classical.choice, Quot.sound]
NilpotentConjugacy.matrixUnit_mem_of_gap._proof_1_6: [propext, Classical.choice, Quot.sound]
NilpotentConjugacy.matrixUnit_mem_of_gap._proof_1_7: [propext, Classical.choice, Quot.sound]
NilpotentConjugacy.matrixUnit_mem_of_gap._simp_1_5: [propext]
NilpotentConjugacy.matrixUnit_preserves._proof_1_1: [propext, Quot.sound]
NilpotentConjugacy.matrixUnit_preserves._proof_1_2: [propext, Quot.sound]
NilpotentConjugacy.matrixUnit_preserves._proof_1_3: [propext, Quot.sound]
NilpotentConjugacy.matrixUnit_preserves._proof_1_4: [propext, Quot.sound]
NilpotentConjugacy.preservingSubalgebra._proof_1: [propext, Classical.choice, Quot.sound]
NilpotentConjugacy.preservingSubalgebra._proof_2: [propext, Classical.choice, Quot.sound]
NilpotentConjugacy.preservingSubalgebra._proof_3: [propext, Classical.choice, Quot.sound]
NilpotentConjugacy.preservingSubalgebra._proof_4: [propext, Classical.choice, Quot.sound]
NilpotentConjugacy.preservingSubalgebra._proof_5: [propext, Classical.choice, Quot.sound]
NilpotentConjugacy.primeLocal_quotient_cardinality._proof_1_1: [propext, Quot.sound]
NilpotentConjugacy.primeLocal_quotient_cardinality._proof_1_10: [propext, Quot.sound]
NilpotentConjugacy.primeLocal_quotient_cardinality._proof_1_14: [propext, Quot.sound]
NilpotentConjugacy.primeLocal_quotient_cardinality._proof_1_2: [propext, Quot.sound]
NilpotentConjugacy.primeLocal_quotient_cardinality._proof_1_3: [propext, Quot.sound]
NilpotentConjugacy.primeLocal_quotient_cardinality._proof_1_4: [propext, Quot.sound]
NilpotentConjugacy.primeLocal_quotient_cardinality._proof_1_5: [propext, Quot.sound]
NilpotentConjugacy.primeLocal_quotient_cardinality._proof_1_6: [propext, Quot.sound]
NilpotentConjugacy.primeLocal_quotient_cardinality._proof_1_7: [propext, Quot.sound]
NilpotentConjugacy.primeLocal_quotient_cardinality._proof_1_8: [propext, Quot.sound]
NilpotentConjugacy.primeLocal_quotient_cardinality._proof_1_9: [propext, Quot.sound]
NilpotentConjugacy.primeLocal_quotient_cardinality._simp_1_12: [propext]
NilpotentConjugacy.quotientBidiagonal.congr_simp: [propext, Classical.choice, Quot.sound]
NilpotentConjugacy.quotientBidiagonal.eq_1: [propext, Classical.choice, Quot.sound]
NilpotentConjugacy.quotientCoordinate.eq_1: [propext, Classical.choice, Quot.sound]
NilpotentConjugacy.quotientMatrix.congr_simp: [propext, Classical.choice, Quot.sound]
NilpotentConjugacy.shiftBand.eq_1: []
NilpotentConjugacy.shiftBand_mul._proof_1_2: [propext, Quot.sound]
NilpotentConjugacy.shiftBand_mul._proof_1_3: [propext, Quot.sound]
NilpotentConjugacy.shiftBand_zero_one._simp_1_2: [propext]
NilpotentConjugacy.shiftJ.eq_1: []
NilpotentConjugacy.shiftY.eq_1: []
NilpotentConjugacy.shiftedBidiagonalMatrix.eq_1: [propext, Classical.choice, Quot.sound]
NilpotentConjugacy.specialized_exponent._proof_1_1: [propext, Quot.sound]
NilpotentConjugacy.specialized_exponent._proof_1_2: [propext, Quot.sound]
NilpotentConjugacy.specialized_parameters._proof_1_1: [propext, Classical.choice, Quot.sound]
Axiom audit passed for 161 declarations.
