replaying NilpotentConjugacy.QuotientDescent
replaying NilpotentConjugacy.JordanCompression
replaying NilpotentConjugacy.ConjugacyGrowth
replaying NilpotentConjugacy.IntegralGroup
replaying NilpotentConjugacy.DescentGroupImage
replaying NilpotentConjugacy.Bidiagonal
replaying NilpotentConjugacy.WordLength
replaying NilpotentConjugacy.SpecialPairs
replaying NilpotentConjugacy.AffineGroup
replaying NilpotentConjugacy.ConjugacyDepth
replaying NilpotentConjugacy.WeightedCompression
replaying NilpotentConjugacy.GroupProperties
replaying NilpotentConjugacy.SemidirectConjugacy
replaying NilpotentConjugacy.Unitriangular
replaying NilpotentConjugacy.NoQuadraticBound
replaying NilpotentConjugacy.GroupSeries
replaying NilpotentConjugacy.IntegralGroupAction
replaying NilpotentConjugacy.CubicTheorem
replaying NilpotentConjugacy.GroupClass
replaying NilpotentConjugacy.FiniteCharacters
replaying NilpotentConjugacy.Growth
replaying NilpotentConjugacy.WordGeneration
replaying NilpotentConjugacy.WordCompression
replaying NilpotentConjugacy.PairNonconjugacy
replaying NilpotentConjugacy.QuotientModule
replaying NilpotentConjugacy.MatrixUnits
replaying NilpotentConjugacy.PairWordLength
replaying NilpotentConjugacy.DescentLocalization
replaying NilpotentConjugacy.PairFiniteQuotient
replaying NilpotentConjugacy.GroupQuotientBound
replaying NilpotentConjugacy
